// Jest Snapshot v1, https://goo.gl/fbAQLP

exports[`CreateAccount should match snapshot 1`] = `
ShallowWrapper {
  "length": 1,
  Symbol(enzyme.__root__): [Circular],
  Symbol(enzyme.__unrendered__): <CreateAccount
    handleSubmit={[Function]}
    user={
        Object {
            "email": "michael.scott@dundermifflin.com",
            "id": 4,
            "name": "Michael Scott",
            "password": "password",
          }
    }
/>,
  Symbol(enzyme.__renderer__): Object {
    "batchedUpdates": [Function],
    "getNode": [Function],
    "render": [Function],
    "simulateEvent": [Function],
    "unmount": [Function],
  },
  Symbol(enzyme.__node__): Object {
    "instance": null,
    "key": undefined,
    "nodeType": "host",
    "props": Object {
      "children": Array [
        <h1>
          Create an account and start tracking your favorite movies!
</h1>,
        <form
          className="account-form"
          onSubmit={[Function]}
>
          <input
                    className="user-form"
                    name="name"
                    onChange={[Function]}
                    placeholder="full name"
                    type="text"
                    value=""
          />
          <input
                    className="user-form"
                    name="email"
                    onChange={[Function]}
                    placeholder="email"
                    type="email"
                    value=""
          />
          <input
                    className="user-form"
                    name="password"
                    onChange={[Function]}
                    placeholder="password"
                    type="password"
                    value=""
          />
          <input
                    className="user-form"
                    name="repeatPassword"
                    onChange={[Function]}
                    placeholder="repeat password"
                    type="password"
                    value=""
          />
          <button
                    className="create-account-button"
          >
                    Create Account
          </button>
          <h4
                    className="error-message"
          />
</form>,
      ],
      "className": "new-user",
    },
    "ref": null,
    "rendered": Array [
      Object {
        "instance": null,
        "key": undefined,
        "nodeType": "host",
        "props": Object {
          "children": "Create an account and start tracking your favorite movies!",
        },
        "ref": null,
        "rendered": "Create an account and start tracking your favorite movies!",
        "type": "h1",
      },
      Object {
        "instance": null,
        "key": undefined,
        "nodeType": "host",
        "props": Object {
          "children": Array [
            <input
              className="user-form"
              name="name"
              onChange={[Function]}
              placeholder="full name"
              type="text"
              value=""
/>,
            <input
              className="user-form"
              name="email"
              onChange={[Function]}
              placeholder="email"
              type="email"
              value=""
/>,
            <input
              className="user-form"
              name="password"
              onChange={[Function]}
              placeholder="password"
              type="password"
              value=""
/>,
            <input
              className="user-form"
              name="repeatPassword"
              onChange={[Function]}
              placeholder="repeat password"
              type="password"
              value=""
/>,
            <button
              className="create-account-button"
>
              Create Account
</button>,
            <h4
              className="error-message"
/>,
          ],
          "className": "account-form",
          "onSubmit": [Function],
        },
        "ref": null,
        "rendered": Array [
          Object {
            "instance": null,
            "key": undefined,
            "nodeType": "host",
            "props": Object {
              "className": "user-form",
              "name": "name",
              "onChange": [Function],
              "placeholder": "full name",
              "type": "text",
              "value": "",
            },
            "ref": null,
            "rendered": null,
            "type": "input",
          },
          Object {
            "instance": null,
            "key": undefined,
            "nodeType": "host",
            "props": Object {
              "className": "user-form",
              "name": "email",
              "onChange": [Function],
              "placeholder": "email",
              "type": "email",
              "value": "",
            },
            "ref": null,
            "rendered": null,
            "type": "input",
          },
          Object {
            "instance": null,
            "key": undefined,
            "nodeType": "host",
            "props": Object {
              "className": "user-form",
              "name": "password",
              "onChange": [Function],
              "placeholder": "password",
              "type": "password",
              "value": "",
            },
            "ref": null,
            "rendered": null,
            "type": "input",
          },
          Object {
            "instance": null,
            "key": undefined,
            "nodeType": "host",
            "props": Object {
              "className": "user-form",
              "name": "repeatPassword",
              "onChange": [Function],
              "placeholder": "repeat password",
              "type": "password",
              "value": "",
            },
            "ref": null,
            "rendered": null,
            "type": "input",
          },
          Object {
            "instance": null,
            "key": undefined,
            "nodeType": "host",
            "props": Object {
              "children": "Create Account",
              "className": "create-account-button",
            },
            "ref": null,
            "rendered": "Create Account",
            "type": "button",
          },
          Object {
            "instance": null,
            "key": undefined,
            "nodeType": "host",
            "props": Object {
              "children": "",
              "className": "error-message",
            },
            "ref": null,
            "rendered": "",
            "type": "h4",
          },
        ],
        "type": "form",
      },
    ],
    "type": "div",
  },
  Symbol(enzyme.__nodes__): Array [
    Object {
      "instance": null,
      "key": undefined,
      "nodeType": "host",
      "props": Object {
        "children": Array [
          <h1>
            Create an account and start tracking your favorite movies!
</h1>,
          <form
            className="account-form"
            onSubmit={[Function]}
>
            <input
                        className="user-form"
                        name="name"
                        onChange={[Function]}
                        placeholder="full name"
                        type="text"
                        value=""
            />
            <input
                        className="user-form"
                        name="email"
                        onChange={[Function]}
                        placeholder="email"
                        type="email"
                        value=""
            />
            <input
                        className="user-form"
                        name="password"
                        onChange={[Function]}
                        placeholder="password"
                        type="password"
                        value=""
            />
            <input
                        className="user-form"
                        name="repeatPassword"
                        onChange={[Function]}
                        placeholder="repeat password"
                        type="password"
                        value=""
            />
            <button
                        className="create-account-button"
            >
                        Create Account
            </button>
            <h4
                        className="error-message"
            />
</form>,
        ],
        "className": "new-user",
      },
      "ref": null,
      "rendered": Array [
        Object {
          "instance": null,
          "key": undefined,
          "nodeType": "host",
          "props": Object {
            "children": "Create an account and start tracking your favorite movies!",
          },
          "ref": null,
          "rendered": "Create an account and start tracking your favorite movies!",
          "type": "h1",
        },
        Object {
          "instance": null,
          "key": undefined,
          "nodeType": "host",
          "props": Object {
            "children": Array [
              <input
                className="user-form"
                name="name"
                onChange={[Function]}
                placeholder="full name"
                type="text"
                value=""
/>,
              <input
                className="user-form"
                name="email"
                onChange={[Function]}
                placeholder="email"
                type="email"
                value=""
/>,
              <input
                className="user-form"
                name="password"
                onChange={[Function]}
                placeholder="password"
                type="password"
                value=""
/>,
              <input
                className="user-form"
                name="repeatPassword"
                onChange={[Function]}
                placeholder="repeat password"
                type="password"
                value=""
/>,
              <button
                className="create-account-button"
>
                Create Account
</button>,
              <h4
                className="error-message"
/>,
            ],
            "className": "account-form",
            "onSubmit": [Function],
          },
          "ref": null,
          "rendered": Array [
            Object {
              "instance": null,
              "key": undefined,
              "nodeType": "host",
              "props": Object {
                "className": "user-form",
                "name": "name",
                "onChange": [Function],
                "placeholder": "full name",
                "type": "text",
                "value": "",
              },
              "ref": null,
              "rendered": null,
              "type": "input",
            },
            Object {
              "instance": null,
              "key": undefined,
              "nodeType": "host",
              "props": Object {
                "className": "user-form",
                "name": "email",
                "onChange": [Function],
                "placeholder": "email",
                "type": "email",
                "value": "",
              },
              "ref": null,
              "rendered": null,
              "type": "input",
            },
            Object {
              "instance": null,
              "key": undefined,
              "nodeType": "host",
              "props": Object {
                "className": "user-form",
                "name": "password",
                "onChange": [Function],
                "placeholder": "password",
                "type": "password",
                "value": "",
              },
              "ref": null,
              "rendered": null,
              "type": "input",
            },
            Object {
              "instance": null,
              "key": undefined,
              "nodeType": "host",
              "props": Object {
                "className": "user-form",
                "name": "repeatPassword",
                "onChange": [Function],
                "placeholder": "repeat password",
                "type": "password",
                "value": "",
              },
              "ref": null,
              "rendered": null,
              "type": "input",
            },
            Object {
              "instance": null,
              "key": undefined,
              "nodeType": "host",
              "props": Object {
                "children": "Create Account",
                "className": "create-account-button",
              },
              "ref": null,
              "rendered": "Create Account",
              "type": "button",
            },
            Object {
              "instance": null,
              "key": undefined,
              "nodeType": "host",
              "props": Object {
                "children": "",
                "className": "error-message",
              },
              "ref": null,
              "rendered": "",
              "type": "h4",
            },
          ],
          "type": "form",
        },
      ],
      "type": "div",
    },
  ],
  Symbol(enzyme.__options__): Object {
    "adapter": ReactSixteenAdapter {
      "options": Object {
        "enableComponentDidUpdateOnSetState": true,
      },
    },
  },
}
`;
