// Jest Snapshot v1, https://goo.gl/fbAQLP

exports[`FavoritesContainer should match snapshot 1`] = `
ShallowWrapper {
  "length": 1,
  Symbol(enzyme.__root__): [Circular],
  Symbol(enzyme.__unrendered__): <Unknown
    user={
        Object {
            "favorites": Array [
              Object {
                "id": 1,
              },
              Object {
                "id": 3,
              },
            ],
            "id": 4,
          }
    }
/>,
  Symbol(enzyme.__renderer__): Object {
    "batchedUpdates": [Function],
    "getNode": [Function],
    "render": [Function],
    "simulateEvent": [Function],
    "unmount": [Function],
  },
  Symbol(enzyme.__node__): Object {
    "instance": null,
    "key": undefined,
    "nodeType": "host",
    "props": Object {
      "children": Array [
        "",
        Array [
          <Unknown
            handleFavorite={[Function]}
            id={1}
/>,
          <Unknown
            handleFavorite={[Function]}
            id={3}
/>,
        ],
      ],
      "className": "favorites-container",
    },
    "ref": null,
    "rendered": Array [
      "",
      Object {
        "instance": null,
        "key": "0",
        "nodeType": "function",
        "props": Object {
          "handleFavorite": [Function],
          "id": 1,
        },
        "ref": null,
        "rendered": null,
        "type": [Function],
      },
      Object {
        "instance": null,
        "key": "1",
        "nodeType": "function",
        "props": Object {
          "handleFavorite": [Function],
          "id": 3,
        },
        "ref": null,
        "rendered": null,
        "type": [Function],
      },
    ],
    "type": "div",
  },
  Symbol(enzyme.__nodes__): Array [
    Object {
      "instance": null,
      "key": undefined,
      "nodeType": "host",
      "props": Object {
        "children": Array [
          "",
          Array [
            <Unknown
              handleFavorite={[Function]}
              id={1}
/>,
            <Unknown
              handleFavorite={[Function]}
              id={3}
/>,
          ],
        ],
        "className": "favorites-container",
      },
      "ref": null,
      "rendered": Array [
        "",
        Object {
          "instance": null,
          "key": "0",
          "nodeType": "function",
          "props": Object {
            "handleFavorite": [Function],
            "id": 1,
          },
          "ref": null,
          "rendered": null,
          "type": [Function],
        },
        Object {
          "instance": null,
          "key": "1",
          "nodeType": "function",
          "props": Object {
            "handleFavorite": [Function],
            "id": 3,
          },
          "ref": null,
          "rendered": null,
          "type": [Function],
        },
      ],
      "type": "div",
    },
  ],
  Symbol(enzyme.__options__): Object {
    "adapter": ReactSixteenAdapter {
      "options": Object {
        "enableComponentDidUpdateOnSetState": true,
      },
    },
  },
}
`;
